---
source: crates/conduit-ui/src/components/work_complete_dialog_snapshots.rs
expression: buf_to_string(&buf)
---










    ╭ Commit Message ──────────────────────────────────────────────────────╮
    │                                                                      │
    │ Enter commit message:                                                │
    │                                                                      │
    │ Implement my-feature; src/main.rs_                                   │
    │                                                                      │
    │                                                                      │
    │                                                                      │
    │                                                                      │
    ╰───────────────────────Enter commit │ Esc cancel──────────────────────╯
