---
source: crates/conduit-ui/src/components/work_complete_dialog_snapshots.rs
expression: output
---








    ╭ Work Complete ───────────────────────────────────────────────────────╮
    │                                                                      │
    │ Spec complete                                                        │
    │   branch: fuz/my-feature                                             │
    │   PR #7 (open):                                                      │
    │     My feature PR                                                    │
    │     https://github.com/owner/repo/pull/7                             │
    │   spec: my-feature (linked)  5 of 5 tasks complete                   │
    │ ──────────────────────────────────────────────────────────────────── │
    │ ❯ Merge PR  merge the open pull request                              │
    │   Archive Spec  mark spec as done                                    │
    │   Archive Workspace  close and archive this workspace                │
    │                                                                      │
    ╰───────────────────↑↓ select │ Enter run │ Esc close──────────────────╯
