---
source: crates/conduit-ui/src/components/work_complete_dialog_snapshots.rs
expression: output
---










    ╭ Work Complete ───────────────────────────────────────────────────────╮
    │                                                                      │
    │ Issue open                                                           │
    │   branch: fuz/my-feature                                             │
    │   issue #42 (open)  Add feature                                      │
    │ ──────────────────────────────────────────────────────────────────── │
    │ ❯ Close Issue  close the linked GitHub issue                         │
    │   Archive Workspace  close and archive this workspace                │
    │                                                                      │
    ╰───────────────────↑↓ select │ Enter run │ Esc close──────────────────╯
